// Jest Snapshot v1, https://goo.gl/fbAQLP

exports[`test Should match snapshot 1`] = `
<div>
  In app
</div>
`;
